###############################################################################
#
# IAR ELF Linker V7.60.2.11341/W32 for ARM                25/May/2020  21:47:35
# Copyright 2007-2016 IAR Systems AB.
#
#    Output file  =  
#        E:\project\rt-thread\bsp\boot_f407ve\Debug\Exe\boot_f407ve.out
#    Map file     =  
#        E:\project\rt-thread\bsp\boot_f407ve\Debug\List\boot_f407ve.map
#    Command line =  
#        E:\project\rt-thread\bsp\boot_f407ve\Debug\Obj\board.o
#        E:\project\rt-thread\bsp\boot_f407ve\Debug\Obj\clock.o
#        E:\project\rt-thread\bsp\boot_f407ve\Debug\Obj\components.o
#        E:\project\rt-thread\bsp\boot_f407ve\Debug\Obj\context_iar.o
#        E:\project\rt-thread\bsp\boot_f407ve\Debug\Obj\cpu.o
#        E:\project\rt-thread\bsp\boot_f407ve\Debug\Obj\cpuport.o
#        E:\project\rt-thread\bsp\boot_f407ve\Debug\Obj\device.o
#        E:\project\rt-thread\bsp\boot_f407ve\Debug\Obj\drv_fyyp.o
#        E:\project\rt-thread\bsp\boot_f407ve\Debug\Obj\drv_hex.o
#        E:\project\rt-thread\bsp\boot_f407ve\Debug\Obj\drv_lpm.o
#        E:\project\rt-thread\bsp\boot_f407ve\Debug\Obj\drv_mempool.o
#        E:\project\rt-thread\bsp\boot_f407ve\Debug\Obj\drv_pin.o
#        E:\project\rt-thread\bsp\boot_f407ve\Debug\Obj\drv_w25qxxx.o
#        E:\project\rt-thread\bsp\boot_f407ve\Debug\Obj\idle.o
#        E:\project\rt-thread\bsp\boot_f407ve\Debug\Obj\ipc.o
#        E:\project\rt-thread\bsp\boot_f407ve\Debug\Obj\irq.o
#        E:\project\rt-thread\bsp\boot_f407ve\Debug\Obj\kservice.o
#        E:\project\rt-thread\bsp\boot_f407ve\Debug\Obj\main.o
#        E:\project\rt-thread\bsp\boot_f407ve\Debug\Obj\mem.o
#        E:\project\rt-thread\bsp\boot_f407ve\Debug\Obj\memheap.o
#        E:\project\rt-thread\bsp\boot_f407ve\Debug\Obj\mempool.o
#        E:\project\rt-thread\bsp\boot_f407ve\Debug\Obj\object.o
#        E:\project\rt-thread\bsp\boot_f407ve\Debug\Obj\scheduler.o
#        E:\project\rt-thread\bsp\boot_f407ve\Debug\Obj\signal.o
#        E:\project\rt-thread\bsp\boot_f407ve\Debug\Obj\slab.o
#        E:\project\rt-thread\bsp\boot_f407ve\Debug\Obj\startup_stm32f407xx.o
#        E:\project\rt-thread\bsp\boot_f407ve\Debug\Obj\stm32f4xx_hal.o
#        E:\project\rt-thread\bsp\boot_f407ve\Debug\Obj\stm32f4xx_hal_cortex.o
#        E:\project\rt-thread\bsp\boot_f407ve\Debug\Obj\stm32f4xx_hal_dma.o
#        E:\project\rt-thread\bsp\boot_f407ve\Debug\Obj\stm32f4xx_hal_dma_ex.o
#        E:\project\rt-thread\bsp\boot_f407ve\Debug\Obj\stm32f4xx_hal_flash.o
#        E:\project\rt-thread\bsp\boot_f407ve\Debug\Obj\stm32f4xx_hal_flash_ex.o
#        E:\project\rt-thread\bsp\boot_f407ve\Debug\Obj\stm32f4xx_hal_flash_ramfunc.o
#        E:\project\rt-thread\bsp\boot_f407ve\Debug\Obj\stm32f4xx_hal_gpio.o
#        E:\project\rt-thread\bsp\boot_f407ve\Debug\Obj\stm32f4xx_hal_pwr.o
#        E:\project\rt-thread\bsp\boot_f407ve\Debug\Obj\stm32f4xx_hal_pwr_ex.o
#        E:\project\rt-thread\bsp\boot_f407ve\Debug\Obj\stm32f4xx_hal_rcc.o
#        E:\project\rt-thread\bsp\boot_f407ve\Debug\Obj\stm32f4xx_hal_rcc_ex.o
#        E:\project\rt-thread\bsp\boot_f407ve\Debug\Obj\stm32f4xx_hal_spi.o
#        E:\project\rt-thread\bsp\boot_f407ve\Debug\Obj\stm32f4xx_it.o
#        E:\project\rt-thread\bsp\boot_f407ve\Debug\Obj\system_stm32f4xx.o
#        E:\project\rt-thread\bsp\boot_f407ve\Debug\Obj\thread.o
#        E:\project\rt-thread\bsp\boot_f407ve\Debug\Obj\timer.o -o
#        E:\project\rt-thread\bsp\boot_f407ve\Debug\Exe\boot_f407ve.out --map
#        E:\project\rt-thread\bsp\boot_f407ve\Debug\List\boot_f407ve.map
#        --config "D:\Program Files\IAR Systems\Embedded Workbench
#        7.4\arm\config\linker\ST\stm32f407xE.icf" --semihosting --entry
#        __iar_program_start --vfe
#
###############################################################################

*******************************************************************************
*** RUNTIME MODEL ATTRIBUTES
***

CppFlavor       = *
__SystemLibrary = DLib


*******************************************************************************
*** PLACEMENT SUMMARY
***

"A1":  place at 0x08000000 { ro section .intvec };
"P1":  place in [from 0x08000000 to 0x0807ffff] { ro };
"P3":  place in [from 0x10000000 to 0x1000ffff] { block CSTACK, section .ccram };
"P4":  place in [from 0x20000000 to 0x2001bfff] |
                [from 0x2001c000 to 0x2001ffff] { rw, block HEAP };
initialize by copy { rw };

  Section            Kind        Address    Size  Object
  -------            ----        -------    ----  ------
"A1":                                      0x188
  .intvec            ro code  0x08000000   0x188  startup_stm32f407xx.o [1]
                            - 0x08000188   0x188

"P1":                                     0x4420
  .text              ro code  0x08000188   0x658  drv_w25qxxx.o [1]
  .text              ro code  0x080007e0   0x16e  ipc.o [1]
  .text              ro code  0x08000950   0x534  drv_pin.o [1]
  .text              ro code  0x08000e84    0xa2  stm32f4xx_hal_spi.o [1]
  .text              ro code  0x08000f28   0x266  thread.o [1]
  .text              ro code  0x08001190   0x134  drv_mempool.o [1]
  .text              ro code  0x080012c4   0x184  mempool.o [1]
  .text              ro code  0x08001448    0xb2  object.o [1]
  .text              ro code  0x080014fc    0xfc  context_iar.o [1]
  .text              ro code  0x080015f8   0x2a6  timer.o [1]
  .text              ro code  0x080018a0   0x26c  scheduler.o [1]
  .text              ro code  0x08001b0c    0x44  irq.o [1]
  .text              ro code  0x08001b50   0x4ac  drv_lpm.o [1]
  .text              ro code  0x08001ffc   0x22c  stm32f4xx_hal_gpio.o [1]
  .text              ro code  0x08002228   0x5d8  kservice.o [1]
  .text              ro code  0x08002800    0x68  cpuport.o [1]
  .text              ro code  0x08002868    0x34  clock.o [1]
  .text              ro code  0x0800289c   0x610  stm32f4xx_hal_rcc.o [1]
  .text              ro code  0x08002eac    0x66  ABImemset.o [5]
  .text              ro code  0x08002f14   0x150  idle.o [1]
  .text              ro code  0x08003064     0xc  stm32f4xx_hal_pwr_ex.o [1]
  .text              ro code  0x08003070    0x44  stm32f4xx_hal_pwr.o [1]
  .text              ro code  0x080030b4    0x68  stm32f4xx_hal.o [1]
  .text              ro code  0x0800311c    0xee  I64DivMod.o [5]
  .text              ro code  0x0800320c   0x12c  stm32f4xx_hal_cortex.o [1]
  .text              ro code  0x08003338     0x2  I64DivZer.o [5]
  .text              ro code  0x0800333c   0x278  main.o [1]
  .text              ro code  0x080035b4    0xba  drv_fyyp.o [1]
  .text              ro code  0x08003670   0x258  stm32f4xx_hal_flash.o [1]
  .text              ro code  0x080038c8   0x1ee  board.o [1]
  .text              ro code  0x08003ab8   0x16c  stm32f4xx_hal_rcc_ex.o [1]
  .text              ro code  0x08003c24    0xc6  components.o [1]
  .text              ro code  0x08003cec    0x28  data_init.o [5]
  .text              ro code  0x08003d14   0x1dc  drv_hex.o [1]
  .text              ro code  0x08003ef0   0x1c8  stm32f4xx_hal_flash_ex.o [1]
  .text              ro code  0x080040b8    0x76  ABImemcpy_unaligned.o [5]
  .rodata            const    0x08004130   0x100  kservice.o [1]
  .text              ro code  0x08004230    0x5c  system_stm32f4xx.o [1]
  .text              ro code  0x0800428c    0x40  zero_init3.o [5]
  .text              ro code  0x080042cc    0x2c  copy_init3.o [5]
  .iar.init_table    const    0x080042f8    0x24  - Linker created -
  .text              ro code  0x0800431c    0x20  stm32f4xx_it.o [1]
  .text              ro code  0x0800433c    0x1a  cmain.o [5]
  .text              ro code  0x08004356     0x4  exit.o [3]
  .text              ro code  0x0800435c     0xa  cexit.o [5]
  .text              ro code  0x08004368    0x14  exit.o [6]
  .rodata            const    0x0800437c    0x14  kservice.o [1]
  .rodata            const    0x08004390    0x14  kservice.o [1]
  .rodata            const    0x080043a4    0x10  system_stm32f4xx.o [1]
  .text              ro code  0x080043b4    0x10  startup_stm32f407xx.o [1]
  .text              ro code  0x080043c4     0xc  cstartup_M.o [5]
  .rodata            const    0x080043d0     0x8  components.o [1]
  .rodata            const    0x080043d8     0x8  drv_w25qxxx.o [1]
  .rodata            const    0x080043e0     0x8  idle.o [1]
  .rodata            const    0x080043e8     0x8  kservice.o [1]
  .rti_fn.0          const    0x080043f0     0x4  components.o [1]
  .rti_fn.0.end      const    0x080043f4     0x4  components.o [1]
  .rti_fn.1          const    0x080043f8     0x4  board.o [1]
  .rti_fn.1          const    0x080043fc     0x4  drv_lpm.o [1]
  .rti_fn.1.end      const    0x08004400     0x4  components.o [1]
  .rti_fn.2          const    0x08004404     0x4  drv_lpm.o [1]
  .rti_fn.2          const    0x08004408     0x4  drv_mempool.o [1]
  .rti_fn.3          const    0x0800440c     0x4  drv_w25qxxx.o [1]
  .rti_fn.6.end      const    0x08004410     0x4  components.o [1]
  .text              ro code  0x08004414     0x4  startup_stm32f407xx.o [1]
  .text              ro code  0x08004418     0x4  startup_stm32f407xx.o [1]
  .text              ro code  0x0800441c     0x4  startup_stm32f407xx.o [1]
  .text              ro code  0x08004420     0x4  startup_stm32f407xx.o [1]
  .text              ro code  0x08004424     0x4  startup_stm32f407xx.o [1]
  .text              ro code  0x08004428     0x4  startup_stm32f407xx.o [1]
  .text              ro code  0x0800442c     0x4  startup_stm32f407xx.o [1]
  .text              ro code  0x08004430     0x4  startup_stm32f407xx.o [1]
  .text              ro code  0x08004434     0x4  startup_stm32f407xx.o [1]
  .text              ro code  0x08004438     0x4  startup_stm32f407xx.o [1]
  .text              ro code  0x0800443c     0x4  startup_stm32f407xx.o [1]
  .text              ro code  0x08004440     0x4  startup_stm32f407xx.o [1]
  .text              ro code  0x08004444     0x4  startup_stm32f407xx.o [1]
  .text              ro code  0x08004448     0x4  startup_stm32f407xx.o [1]
  .text              ro code  0x0800444c     0x4  startup_stm32f407xx.o [1]
  .text              ro code  0x08004450     0x4  startup_stm32f407xx.o [1]
  .text              ro code  0x08004454     0x4  startup_stm32f407xx.o [1]
  .text              ro code  0x08004458     0x4  startup_stm32f407xx.o [1]
  .text              ro code  0x0800445c     0x4  startup_stm32f407xx.o [1]
  .text              ro code  0x08004460     0x4  startup_stm32f407xx.o [1]
  .text              ro code  0x08004464     0x4  startup_stm32f407xx.o [1]
  .text              ro code  0x08004468     0x4  startup_stm32f407xx.o [1]
  .text              ro code  0x0800446c     0x4  startup_stm32f407xx.o [1]
  .text              ro code  0x08004470     0x4  startup_stm32f407xx.o [1]
  .text              ro code  0x08004474     0x4  startup_stm32f407xx.o [1]
  .text              ro code  0x08004478     0x4  startup_stm32f407xx.o [1]
  .text              ro code  0x0800447c     0x4  startup_stm32f407xx.o [1]
  .text              ro code  0x08004480     0x4  startup_stm32f407xx.o [1]
  .text              ro code  0x08004484     0x4  startup_stm32f407xx.o [1]
  .text              ro code  0x08004488     0x4  startup_stm32f407xx.o [1]
  .text              ro code  0x0800448c     0x4  startup_stm32f407xx.o [1]
  .text              ro code  0x08004490     0x4  startup_stm32f407xx.o [1]
  .text              ro code  0x08004494     0x4  startup_stm32f407xx.o [1]
  .text              ro code  0x08004498     0x4  startup_stm32f407xx.o [1]
  .text              ro code  0x0800449c     0x4  startup_stm32f407xx.o [1]
  .text              ro code  0x080044a0     0x4  startup_stm32f407xx.o [1]
  .text              ro code  0x080044a4     0x4  startup_stm32f407xx.o [1]
  .text              ro code  0x080044a8     0x4  startup_stm32f407xx.o [1]
  .text              ro code  0x080044ac     0x4  startup_stm32f407xx.o [1]
  .text              ro code  0x080044b0     0x4  startup_stm32f407xx.o [1]
  .text              ro code  0x080044b4     0x4  startup_stm32f407xx.o [1]
  .text              ro code  0x080044b8     0x4  startup_stm32f407xx.o [1]
  .text              ro code  0x080044bc     0x4  startup_stm32f407xx.o [1]
  .text              ro code  0x080044c0     0x4  startup_stm32f407xx.o [1]
  .text              ro code  0x080044c4     0x4  startup_stm32f407xx.o [1]
  .text              ro code  0x080044c8     0x4  startup_stm32f407xx.o [1]
  .text              ro code  0x080044cc     0x4  startup_stm32f407xx.o [1]
  .text              ro code  0x080044d0     0x4  startup_stm32f407xx.o [1]
  .text              ro code  0x080044d4     0x4  startup_stm32f407xx.o [1]
  .text              ro code  0x080044d8     0x4  startup_stm32f407xx.o [1]
  .text              ro code  0x080044dc     0x4  startup_stm32f407xx.o [1]
  .text              ro code  0x080044e0     0x4  startup_stm32f407xx.o [1]
  .text              ro code  0x080044e4     0x4  startup_stm32f407xx.o [1]
  .text              ro code  0x080044e8     0x4  startup_stm32f407xx.o [1]
  .text              ro code  0x080044ec     0x4  startup_stm32f407xx.o [1]
  .text              ro code  0x080044f0     0x4  startup_stm32f407xx.o [1]
  .text              ro code  0x080044f4     0x4  startup_stm32f407xx.o [1]
  .text              ro code  0x080044f8     0x4  startup_stm32f407xx.o [1]
  .text              ro code  0x080044fc     0x4  startup_stm32f407xx.o [1]
  .text              ro code  0x08004500     0x4  startup_stm32f407xx.o [1]
  .text              ro code  0x08004504     0x4  startup_stm32f407xx.o [1]
  .text              ro code  0x08004508     0x4  startup_stm32f407xx.o [1]
  .text              ro code  0x0800450c     0x4  startup_stm32f407xx.o [1]
  .text              ro code  0x08004510     0x4  startup_stm32f407xx.o [1]
  .text              ro code  0x08004514     0x4  startup_stm32f407xx.o [1]
  .text              ro code  0x08004518     0x4  startup_stm32f407xx.o [1]
  .text              ro code  0x0800451c     0x4  startup_stm32f407xx.o [1]
  .text              ro code  0x08004520     0x4  startup_stm32f407xx.o [1]
  .text              ro code  0x08004524     0x4  startup_stm32f407xx.o [1]
  .text              ro code  0x08004528     0x4  startup_stm32f407xx.o [1]
  .text              ro code  0x0800452c     0x4  startup_stm32f407xx.o [1]
  .text              ro code  0x08004530     0x4  startup_stm32f407xx.o [1]
  .text              ro code  0x08004534     0x4  startup_stm32f407xx.o [1]
  .text              ro code  0x08004538     0x4  startup_stm32f407xx.o [1]
  .rodata            const    0x0800453c     0x0  zero_init3.o [5]
  .rodata            const    0x0800453c     0x0  copy_init3.o [5]
  Initializer bytes  const    0x0800453c    0x6c  <for P4 s0>
                            - 0x080045a8  0x4420

"P3":                                     0x2000
  CSTACK                      0x10000000  0x2000  <Block>
    CSTACK           uninit   0x10000000  0x2000  <Block tail>
                            - 0x10002000  0x2000

"P4", part 1 of 2:                          0x6c
  P4 s0                       0x20000000    0x6c  <Init block>
    .data            inited   0x20000000    0x60  object.o [1]
    .data            inited   0x20000060     0x4  stm32f4xx_hal.o [1]
    .data            inited   0x20000064     0x4  system_stm32f4xx.o [1]
    .data            inited   0x20000068     0x1  stm32f4xx_hal.o [1]
                            - 0x2000006c    0x6c

"P4", part 2 of 2:                        0x7fd8
  .bss               zero     0x2000006c  0x2b20  drv_mempool.o [1]
  .bss               zero     0x20002b8c  0x2724  drv_mempool.o [1]
  .bss               zero     0x200052b0  0x1428  drv_mempool.o [1]
  .bss               zero     0x200066d8   0xa28  drv_mempool.o [1]
  .bss               zero     0x20007100   0x7bc  drv_mempool.o [1]
  .bss               zero     0x200078c0   0x180  components.o [1]
  .bss               zero     0x20007a40   0x180  idle.o [1]
  .bss               zero     0x20007bc0   0x100  scheduler.o [1]
  .bss               zero     0x20007cc0    0xc0  drv_pin.o [1]
  .bss               zero     0x20007d80    0x80  components.o [1]
  .bss               zero     0x20007e00    0x80  idle.o [1]
  .bss               zero     0x20007e80    0x38  drv_mempool.o [1]
  .bss               zero     0x20007eb8    0x38  drv_mempool.o [1]
  .bss               zero     0x20007ef0    0x38  drv_mempool.o [1]
  .bss               zero     0x20007f28    0x38  drv_mempool.o [1]
  .bss               zero     0x20007f60    0x38  drv_mempool.o [1]
  .bss               zero     0x20007f98    0x20  drv_w25qxxx.o [1]
  .bss               zero     0x20007fb8    0x20  stm32f4xx_hal_flash.o [1]
  .bss               zero     0x20007fd8    0x10  drv_w25qxxx.o [1]
  .bss               zero     0x20007fe8    0x10  idle.o [1]
  .bss               zero     0x20007ff8     0x8  drv_lpm.o [1]
  .bss               zero     0x20008000     0x8  scheduler.o [1]
  .bss               zero     0x20008008     0x8  timer.o [1]
  .bss               zero     0x20008010     0x4  clock.o [1]
  .bss               zero     0x20008014     0x4  cpuport.o [1]
  .bss               zero     0x20008018     0x4  cpuport.o [1]
  .bss               zero     0x2000801c     0x4  cpuport.o [1]
  .bss               zero     0x20008020     0x4  cpuport.o [1]
  .bss               zero     0x20008024     0x4  drv_hex.o [1]
  .bss               zero     0x20008028     0x4  kservice.o [1]
  .bss               zero     0x2000802c     0x4  scheduler.o [1]
  .bss               zero     0x20008030     0x4  scheduler.o [1]
  .bss               zero     0x20008034     0x4  stm32f4xx_hal.o [1]
  .bss               zero     0x20008038     0x4  timer.o [1]
  .bss               zero     0x2000803c     0x2  scheduler.o [1]
  .bss               zero     0x2000803e     0x1  drv_lpm.o [1]
  .bss               zero     0x2000803f     0x1  irq.o [1]
  .bss               zero     0x20008040     0x1  scheduler.o [1]
                            - 0x20008041  0x7fd5


*******************************************************************************
*** INIT TABLE
***

          Address     Size
          -------     ----
Zero (__iar_zero_init3)
    1 destination range, total size 0x7fd5:
          0x2000006c  0x7fd5

Copy (__iar_copy_init3)
    1 source range, total size 0x6c (102% of destination):
          0x0800453c    0x6c
    1 destination range, total size 0x69:
          0x20000000    0x69



*******************************************************************************
*** MODULE SUMMARY
***

    Module                    ro code  ro data  rw data
    ------                    -------  -------  -------
E:\project\rt-thread\bsp\boot_f407ve\Debug\Obj: [1]
    board.o                       494        4
    clock.o                        52                 4
    components.o                  198       24      512
    context_iar.o                 252
    cpuport.o                     104                16
    drv_fyyp.o                    186
    drv_hex.o                     476                 4
    drv_lpm.o                   1 196        8        9
    drv_mempool.o                 308        4   31 080
    drv_pin.o                   1 332               192
    drv_w25qxxx.o               1 624       12       48
    idle.o                        336        8      528
    ipc.o                         366
    irq.o                          68                 1
    kservice.o                  1 496      304        4
    main.o                        632
    mempool.o                     388
    object.o                      178       96       96
    scheduler.o                   620               275
    startup_stm32f407xx.o         704
    stm32f4xx_hal.o               104        5        9
    stm32f4xx_hal_cortex.o        300
    stm32f4xx_hal_flash.o         600                32
    stm32f4xx_hal_flash_ex.o      456
    stm32f4xx_hal_gpio.o          556
    stm32f4xx_hal_pwr.o            68
    stm32f4xx_hal_pwr_ex.o         12
    stm32f4xx_hal_rcc.o         1 552
    stm32f4xx_hal_rcc_ex.o        364
    stm32f4xx_hal_spi.o           162
    stm32f4xx_it.o                 32
    system_stm32f4xx.o             92       20        4
    thread.o                      614
    timer.o                       678                12
    ---------------------------------------------------
    Total:                     16 600      485   32 826

command line: [2]
    ---------------------------------------------------
    Total:

dl7M_tln.a: [3]
    exit.o                          4
    ---------------------------------------------------
    Total:                          4

m7M_tl.a: [4]
    ---------------------------------------------------
    Total:

rt7M_tl.a: [5]
    ABImemcpy_unaligned.o         118
    ABImemset.o                   102
    I64DivMod.o                   238
    I64DivZer.o                     2
    cexit.o                        10
    cmain.o                        26
    copy_init3.o                   44
    cstartup_M.o                   12
    data_init.o                    40
    zero_init3.o                   64
    ---------------------------------------------------
    Total:                        656

shb_l.a: [6]
    exit.o                         20
    ---------------------------------------------------
    Total:                         20

    Gaps                           26        2        4
    Linker created                          39    8 192
-------------------------------------------------------
    Grand Total:               17 306      526   41 022


*******************************************************************************
*** ENTRY LIST
***

Entry                      Address    Size  Type      Object
-----                      -------    ----  ----      ------
.iar.init_table$$Base   0x080042f8           --   Gb  - Linker created -
.iar.init_table$$Limit  0x0800431c           --   Gb  - Linker created -
?main                   0x0800433d          Code  Gb  cmain.o [5]
AHBPrescTable           0x080043a4    0x10  Data  Gb  system_stm32f4xx.o [1]
BusFault_Handler        0x08004321     0x2  Code  Gb  stm32f4xx_it.o [1]
CSTACK$$Base            0x10000000           --   Gb  - Linker created -
CSTACK$$Limit           0x10002000           --   Gb  - Linker created -
DebugMon_Handler        0x08004327     0x2  Code  Gb  stm32f4xx_it.o [1]
EXTI0_IRQHandler        0x080009ff    0x24  Code  Gb  drv_pin.o [1]
EXTI15_10_IRQHandler    0x08000b3b    0xa8  Code  Gb  drv_pin.o [1]
EXTI1_IRQHandler        0x08000a23    0x24  Code  Gb  drv_pin.o [1]
EXTI2_IRQHandler        0x08000a47    0x24  Code  Gb  drv_pin.o [1]
EXTI3_IRQHandler        0x08000a6b    0x24  Code  Gb  drv_pin.o [1]
EXTI4_IRQHandler        0x08000a8f    0x24  Code  Gb  drv_pin.o [1]
EXTI9_5_IRQHandler      0x08000ab3    0x88  Code  Gb  drv_pin.o [1]
FLASH_Erase_Sector      0x08003fcf    0x6a  Code  Gb  stm32f4xx_hal_flash_ex.o [1]
FLASH_FlushCaches       0x08004039    0x72  Code  Gb  stm32f4xx_hal_flash_ex.o [1]
FLASH_MassErase         0x08003fa3    0x2c  Code  Lc  stm32f4xx_hal_flash_ex.o [1]
FLASH_Program_Byte      0x08003807    0x24  Code  Lc  stm32f4xx_hal_flash.o [1]
FLASH_Program_DoubleWord
                        0x08003787    0x30  Code  Lc  stm32f4xx_hal_flash.o [1]
FLASH_Program_HalfWord  0x080037df    0x28  Code  Lc  stm32f4xx_hal_flash.o [1]
FLASH_Program_Word      0x080037b7    0x28  Code  Lc  stm32f4xx_hal_flash.o [1]
FLASH_SetErrorCode      0x0800382b    0x84  Code  Lc  stm32f4xx_hal_flash.o [1]
FLASH_WaitForLastOperation
                        0x08003731    0x56  Code  Gb  stm32f4xx_hal_flash.o [1]
HAL_FLASHEx_Erase       0x08003ef1    0xb2  Code  Gb  stm32f4xx_hal_flash_ex.o [1]
HAL_FLASH_Lock          0x08003721    0x10  Code  Gb  stm32f4xx_hal_flash.o [1]
HAL_FLASH_Program       0x08003671    0x8c  Code  Gb  stm32f4xx_hal_flash.o [1]
HAL_FLASH_Unlock        0x080036fd    0x24  Code  Gb  stm32f4xx_hal_flash.o [1]
HAL_GPIO_Init           0x08001ffd   0x1de  Code  Gb  stm32f4xx_hal_gpio.o [1]
HAL_GPIO_WritePin       0x080021db    0x14  Code  Gb  stm32f4xx_hal_gpio.o [1]
HAL_GetTick             0x08003105     0x6  Code  Wk  stm32f4xx_hal.o [1]
HAL_IncTick             0x080030f5    0x10  Code  Wk  stm32f4xx_hal.o [1]
HAL_InitTick            0x080030b5    0x40  Code  Wk  stm32f4xx_hal.o [1]
HAL_NVIC_SetPriority    0x080032e5    0x22  Code  Gb  stm32f4xx_hal_cortex.o [1]
HAL_NVIC_SetPriorityGrouping
                        0x080032dd     0x8  Code  Gb  stm32f4xx_hal_cortex.o [1]
HAL_NVIC_SystemReset    0x08003307     0x8  Code  Gb  stm32f4xx_hal_cortex.o [1]
HAL_PWREx_EnableFlashPowerDown
                        0x08003065     0x8  Code  Gb  stm32f4xx_hal_pwr_ex.o [1]
HAL_PWR_EnterSTOPMode   0x08003071    0x3a  Code  Gb  stm32f4xx_hal_pwr.o [1]
HAL_RCC_ClockConfig     0x08002c95   0x164  Code  Gb  stm32f4xx_hal_rcc.o [1]
HAL_RCC_DeInit          0x08003ab9   0x142  Code  Gb  stm32f4xx_hal_rcc_ex.o [1]
HAL_RCC_GetSysClockFreq
                        0x08002df9    0x78  Code  Wk  stm32f4xx_hal_rcc.o [1]
HAL_RCC_OscConfig       0x0800289d   0x3f8  Code  Wk  stm32f4xx_hal_rcc.o [1]
HAL_SPI_Init            0x08000e85    0xa0  Code  Gb  stm32f4xx_hal_spi.o [1]
HAL_SPI_MspInit         0x08000f25     0x2  Code  Wk  stm32f4xx_hal_spi.o [1]
HAL_SYSTICK_Config      0x0800330f     0x8  Code  Gb  stm32f4xx_hal_cortex.o [1]
HardFault_Handler       0x0800159f          Code  Gb  context_iar.o [1]
MemManage_Handler       0x0800431f     0x2  Code  Gb  stm32f4xx_it.o [1]
NMI_Handler             0x0800431d     0x2  Code  Gb  stm32f4xx_it.o [1]
NVIC_EncodePriority     0x08003255    0x3e  Code  Lc  stm32f4xx_hal_cortex.o [1]
PendSV_Handler          0x08001529          Code  Gb  context_iar.o [1]
Region$$Table$$Base     0x080042f8           --   Gb  - Linker created -
Region$$Table$$Limit    0x0800431c           --   Gb  - Linker created -
SVC_Handler             0x08004325     0x2  Code  Gb  stm32f4xx_it.o [1]
SysTick_Config          0x080032af    0x2e  Code  Lc  stm32f4xx_hal_cortex.o [1]
SysTick_Handler         0x08004329    0x14  Code  Gb  stm32f4xx_it.o [1]
SystemCoreClock         0x20000064     0x4  Data  Gb  system_stm32f4xx.o [1]
SystemInit              0x08004231    0x40  Code  Gb  system_stm32f4xx.o [1]
UsageFault_Handler      0x08004323     0x2  Code  Gb  stm32f4xx_it.o [1]
__NVIC_GetPriorityGrouping
                        0x08003229     0xa  Code  Lc  stm32f4xx_hal_cortex.o [1]
__NVIC_SetPriority      0x08003233    0x22  Code  Lc  stm32f4xx_hal_cortex.o [1]
__NVIC_SetPriorityGrouping
                        0x0800320d    0x1c  Code  Lc  stm32f4xx_hal_cortex.o [1]
__NVIC_SystemReset      0x08003293    0x1c  Code  Lc  stm32f4xx_hal_cortex.o [1]
__aeabi_ldiv0           0x08003339          Code  Gb  I64DivZer.o [5]
__aeabi_memset          0x08002ead          Code  Gb  ABImemset.o [5]
__aeabi_uldivmod        0x0800311d          Code  Gb  I64DivMod.o [5]
__cmain                 0x0800433d          Code  Gb  cmain.o [5]
__exit                  0x08004369    0x14  Code  Gb  exit.o [6]
__iar_Memset            0x08002ead          Code  Gb  ABImemset.o [5]
__iar_Memset_word       0x08002eb5          Code  Gb  ABImemset.o [5]
__iar_copy_init3        0x080042cd    0x2c  Code  Gb  copy_init3.o [5]
__iar_data_init3        0x08003ced    0x28  Code  Gb  data_init.o [5]
__iar_program_start     0x080043c5          Code  Gb  cstartup_M.o [5]
__iar_unaligned___aeabi_memcpy
                        0x080040b9          Code  Gb  ABImemcpy_unaligned.o [5]
__iar_unaligned___aeabi_memcpy4
                        0x080040d9          Code  Gb  ABImemcpy_unaligned.o [5]
__iar_unaligned___aeabi_memcpy8
                        0x080040d9          Code  Gb  ABImemcpy_unaligned.o [5]
__iar_zero_init3        0x0800428d    0x40  Code  Gb  zero_init3.o [5]
__low_level_init        0x08003c5d    0x12  Code  Gb  components.o [1]
__lowest_bit_bitmap     0x08004130   0x100  Data  Gb  kservice.o [1]
__rt_errno              0x20008028     0x4  Data  Lc  kservice.o [1]
__rt_ffs                0x080027a5    0x46  Code  Gb  kservice.o [1]
__rt_init__board_init_gpio
                        0x080043f8     0x4  Data  Gb  board.o [1]
__rt_init__lpm_board_init
                        0x080043fc     0x4  Data  Gb  drv_lpm.o [1]
__rt_init__lpm_prev_init
                        0x08004404     0x4  Data  Gb  drv_lpm.o [1]
__rt_init__mempool_init
                        0x08004408     0x4  Data  Gb  drv_mempool.o [1]
__rt_init__w25qxxx_device_init
                        0x0800440c     0x4  Data  Gb  drv_w25qxxx.o [1]
__rt_init_rti_board_end
                        0x08004400     0x4  Data  Gb  components.o [1]
__rt_init_rti_board_start
                        0x080043f4     0x4  Data  Gb  components.o [1]
__rt_init_rti_end       0x08004410     0x4  Data  Gb  components.o [1]
__rt_init_rti_start     0x080043f0     0x4  Data  Gb  components.o [1]
__vector_table          0x08000000          Data  Gb  startup_stm32f407xx.o [1]
_board_init_gpio        0x08003969   0x11c  Code  Lc  board.o [1]
_board_init_rcc         0x080038c9    0x84  Code  Lc  board.o [1]
_board_init_systick     0x0800394d    0x1c  Code  Lc  board.o [1]
_call_main              0x08004349          Code  Gb  cmain.o [5]
_exit                   0x0800435d          Code  Gb  cexit.o [5]
_get_highest_priority_thread
                        0x080018db    0x1a  Code  Lc  scheduler.o [1]
_has_defunct_thread     0x08002f59    0x12  Code  Lc  idle.o [1]
_hex_data_program       0x08003d61    0xb4  Code  Lc  drv_hex.o [1]
_hex_page_erase         0x08003d15    0x4c  Code  Lc  drv_hex.o [1]
_lpm_board_init         0x08001bcb    0x1c  Code  Lc  drv_lpm.o [1]
_lpm_prev_init          0x08001be7    0x30  Code  Lc  drv_lpm.o [1]
_lpm_sysclk_resume      0x08001b51    0x7a  Code  Lc  drv_lpm.o [1]
_main                   0x08004353          Code  Gb  cmain.o [5]
_mempool_init           0x08001191    0x7c  Code  Lc  drv_mempool.o [1]
_pin_get_st_port        0x08000951    0x6e  Code  Lc  drv_pin.o [1]
_pin_irq_hdr            0x080009bf    0x40  Code  Lc  drv_pin.o [1]
_rt_thread_init         0x08000fa3    0x7c  Code  Lc  thread.o [1]
_rt_timer_init          0x08001633    0x30  Code  Lc  timer.o [1]
_rt_timer_remove        0x08001663    0x1a  Code  Lc  timer.o [1]
_update_firmware_erase  0x0800333d     0xe  Code  Lc  main.o [1]
_update_firmware_handler
                        0x0800334b    0xa8  Code  Lc  main.o [1]
_w25qxxx_close          0x08000289    0x96  Code  Lc  drv_w25qxxx.o [1]
_w25qxxx_data_program   0x0800046d    0xb0  Code  Lc  drv_w25qxxx.o [1]
_w25qxxx_data_read      0x080003f1    0x5e  Code  Lc  drv_w25qxxx.o [1]
_w25qxxx_device_init    0x0800056b    0x24  Code  Lc  drv_w25qxxx.o [1]
_w25qxxx_enter_pwrdown  0x0800039b    0x32  Code  Lc  drv_w25qxxx.o [1]
_w25qxxx_erase          0x0800051d    0x4e  Code  Lc  drv_w25qxxx.o [1]
_w25qxxx_exchange_byte  0x0800031f    0x24  Code  Lc  drv_w25qxxx.o [1]
_w25qxxx_exit_pwrdown   0x080003cd    0x24  Code  Lc  drv_w25qxxx.o [1]
_w25qxxx_is_ready       0x08000371    0x2a  Code  Lc  drv_w25qxxx.o [1]
_w25qxxx_open           0x080001ad    0xdc  Code  Lc  drv_w25qxxx.o [1]
_w25qxxx_pend           0x08000189    0x14  Code  Lc  drv_w25qxxx.o [1]
_w25qxxx_post           0x0800019d    0x10  Code  Lc  drv_w25qxxx.o [1]
_w25qxxx_read_status    0x08000343    0x2e  Code  Lc  drv_w25qxxx.o [1]
_w25qxxx_write_enable   0x0800044f    0x1e  Code  Lc  drv_w25qxxx.o [1]
divide                  0x080022e7    0x2c  Code  Lc  kservice.o [1]
exit                    0x08004357     0x4  Code  Gb  exit.o [3]
fyyp_char_to_hex        0x080035b5    0x26  Code  Gb  drv_fyyp.o [1]
fyyp_str_to_array       0x080035db    0x94  Code  Gb  drv_fyyp.o [1]
hex_item_data_decoder   0x08003e3f    0xa6  Code  Gb  drv_hex.o [1]
hex_item_data_decoder::base_addr
                        0x20008024     0x4  Data  Lc  drv_hex.o [1]
hex_item_data_verify    0x08003e15    0x2a  Code  Gb  drv_hex.o [1]
idle                    0x20007e00    0x80  Data  Lc  idle.o [1]
idle_hook_list          0x20007fe8    0x10  Data  Lc  idle.o [1]
lpm_enter_stop          0x08001fc9    0x24  Code  Gb  drv_lpm.o [1]
lpm_rcc_dis             0x08001e13   0x1b6  Code  Gb  drv_lpm.o [1]
lpm_rcc_en              0x08001c17   0x1fc  Code  Gb  drv_lpm.o [1]
m_lpm_cpu_ref_num       0x2000803e     0x1  Data  Lc  drv_lpm.o [1]
m_lpm_rcc_ref_num       0x20007ff8     0x8  Data  Lc  drv_lpm.o [1]
m_mempool_1024_ctrl     0x20007f28    0x38  Data  Lc  drv_mempool.o [1]
m_mempool_1024_pool     0x2000006c  0x2b20  Data  Lc  drv_mempool.o [1]
m_mempool_128_ctrl      0x20007e80    0x38  Data  Lc  drv_mempool.o [1]
m_mempool_128_pool      0x20007100   0x7bc  Data  Lc  drv_mempool.o [1]
m_mempool_2048_ctrl     0x20007f60    0x38  Data  Lc  drv_mempool.o [1]
m_mempool_2048_pool     0x20002b8c  0x2724  Data  Lc  drv_mempool.o [1]
m_mempool_256_ctrl      0x20007eb8    0x38  Data  Lc  drv_mempool.o [1]
m_mempool_256_pool      0x200066d8   0xa28  Data  Lc  drv_mempool.o [1]
m_mempool_512_ctrl      0x20007ef0    0x38  Data  Lc  drv_mempool.o [1]
m_mempool_512_pool      0x200052b0  0x1428  Data  Lc  drv_mempool.o [1]
m_pin_irq_hdr           0x20007cc0    0xc0  Data  Lc  drv_pin.o [1]
m_w25qxxx_sem           0x20007f98    0x20  Data  Lc  drv_w25qxxx.o [1]
main                    0x080033f3   0x1a8  Code  Gb  main.o [1]
main_stack              0x200078c0   0x180  Data  Lc  components.o [1]
main_thread             0x20007d80    0x80  Data  Gb  components.o [1]
main_thread_entry       0x08003c6f     0xc  Code  Gb  components.o [1]
mempool_req             0x0800120d    0x8c  Code  Gb  drv_mempool.o [1]
pFlash                  0x20007fb8    0x20  Data  Gb  stm32f4xx_hal_flash.o [1]
pin_clock_enable        0x08000be3    0x68  Code  Gb  drv_pin.o [1]
pin_mode                0x08000c77   0x13a  Code  Gb  drv_pin.o [1]
pin_mode_ex             0x08000db1    0xaa  Code  Gb  drv_pin.o [1]
pin_write               0x08000c4b    0x2c  Code  Gb  drv_pin.o [1]
print_number            0x08002335   0x15e  Code  Lc  kservice.o [1]
print_number::large_digits
                        0x08004390    0x14  Data  Lc  kservice.o [1]
print_number::small_digits
                        0x0800437c    0x14  Data  Lc  kservice.o [1]
rt_application_init     0x08003c7b    0x2a  Code  Gb  components.o [1]
rt_components_board_init
                        0x08003c35    0x14  Code  Gb  components.o [1]
rt_components_init      0x08003c49    0x14  Code  Gb  components.o [1]
rt_current_priority     0x20008040     0x1  Data  Gb  scheduler.o [1]
rt_current_thread       0x20008030     0x4  Data  Gb  scheduler.o [1]
rt_enter_critical       0x08001aa9    0x16  Code  Gb  scheduler.o [1]
rt_exception_hook       0x20008020     0x4  Data  Lc  cpuport.o [1]
rt_exit_critical        0x08001abf    0x30  Code  Gb  scheduler.o [1]
rt_hw_board_init        0x08003aa1    0x16  Code  Gb  board.o [1]
rt_hw_context_switch    0x0800150b          Code  Gb  context_iar.o [1]
rt_hw_context_switch_interrupt
                        0x0800150b          Code  Gb  context_iar.o [1]
rt_hw_context_switch_to
                        0x08001565          Code  Gb  context_iar.o [1]
rt_hw_hard_fault_exception
                        0x0800283f    0x20  Code  Gb  cpuport.o [1]
rt_hw_interrupt_disable
                        0x080014fd          Code  Gb  context_iar.o [1]
rt_hw_interrupt_enable  0x08001505          Code  Gb  context_iar.o [1]
rt_hw_interrupt_thread_switch
                        0x0800159d          Code  Gb  context_iar.o [1]
rt_hw_stack_init        0x08002801    0x3e  Code  Gb  cpuport.o [1]
rt_interrupt_enter      0x08001b0d    0x16  Code  Gb  irq.o [1]
rt_interrupt_from_thread
                        0x20008014     0x4  Data  Gb  cpuport.o [1]
rt_interrupt_get_nest   0x08001b39    0x14  Code  Gb  irq.o [1]
rt_interrupt_leave      0x08001b23    0x16  Code  Gb  irq.o [1]
rt_interrupt_nest       0x2000803f     0x1  Data  Gb  irq.o [1]
rt_interrupt_to_thread  0x20008018     0x4  Data  Gb  cpuport.o [1]
rt_ipc_list_resume      0x0800086f     0xe  Code  Lc  ipc.o [1]
rt_ipc_list_suspend     0x08000813    0x5c  Code  Lc  ipc.o [1]
rt_ipc_object_init      0x08000807     0xc  Code  Lc  ipc.o [1]
rt_list_init            0x080007e1     0x8  Code  Lc  ipc.o [1]
rt_list_init            0x080012c5     0x8  Code  Lc  mempool.o [1]
rt_list_init            0x080018a1     0x8  Code  Lc  scheduler.o [1]
rt_list_init            0x08000f29     0x8  Code  Lc  thread.o [1]
rt_list_init            0x080015f9     0x8  Code  Lc  timer.o [1]
rt_list_insert_after    0x080012cd     0xe  Code  Lc  mempool.o [1]
rt_list_insert_after    0x08001449     0xe  Code  Lc  object.o [1]
rt_list_insert_after    0x08000f31     0xe  Code  Lc  thread.o [1]
rt_list_insert_after    0x08001601     0xe  Code  Lc  timer.o [1]
rt_list_insert_before   0x080007e9     0xe  Code  Lc  ipc.o [1]
rt_list_insert_before   0x080018a9     0xe  Code  Lc  scheduler.o [1]
rt_list_isempty         0x080007f7    0x10  Code  Lc  ipc.o [1]
rt_list_isempty         0x080018cb    0x10  Code  Lc  scheduler.o [1]
rt_list_isempty         0x08001623    0x10  Code  Lc  timer.o [1]
rt_list_remove          0x08002f15    0x14  Code  Lc  idle.o [1]
rt_list_remove          0x08001457    0x14  Code  Lc  object.o [1]
rt_list_remove          0x080018b7    0x14  Code  Lc  scheduler.o [1]
rt_list_remove          0x08000f3f    0x14  Code  Lc  thread.o [1]
rt_list_remove          0x0800160f    0x14  Code  Lc  timer.o [1]
rt_memset               0x08002251    0x54  Code  Gb  kservice.o [1]
rt_mp_alloc             0x08001349    0xbc  Code  Gb  mempool.o [1]
rt_mp_free              0x08001405    0x44  Code  Gb  mempool.o [1]
rt_mp_init              0x080012db    0x6e  Code  Gb  mempool.o [1]
rt_object_container     0x20000000    0x60  Data  Lc  object.o [1]
rt_object_detach        0x080014cf    0x1e  Code  Gb  object.o [1]
rt_object_get_information
                        0x0800146b    0x24  Code  Gb  object.o [1]
rt_object_init          0x08001495    0x3a  Code  Gb  object.o [1]
rt_object_is_systemobject
                        0x080014ed     0xe  Code  Gb  object.o [1]
rt_schedule             0x08001945    0xd2  Code  Gb  scheduler.o [1]
rt_schedule_insert_thread
                        0x08001a17    0x5a  Code  Gb  scheduler.o [1]
rt_schedule_remove_thread
                        0x08001a71    0x38  Code  Gb  scheduler.o [1]
rt_scheduler_lock_nest  0x2000803c     0x2  Data  Lc  scheduler.o [1]
rt_sem_init             0x0800087d    0x20  Code  Gb  ipc.o [1]
rt_sem_release          0x08000913    0x3c  Code  Gb  ipc.o [1]
rt_sem_take             0x0800089d    0x76  Code  Gb  ipc.o [1]
rt_set_errno            0x08002229    0x28  Code  Gb  kservice.o [1]
rt_show_version         0x080022e5     0x2  Code  Gb  kservice.o [1]
rt_sprintf              0x08002795    0x10  Code  Gb  kservice.o [1]
rt_strlen               0x080022d5    0x10  Code  Gb  kservice.o [1]
rt_strncpy              0x080022a5    0x30  Code  Gb  kservice.o [1]
rt_system_scheduler_init
                        0x080018f5    0x2a  Code  Gb  scheduler.o [1]
rt_system_scheduler_start
                        0x0800191f    0x26  Code  Gb  scheduler.o [1]
rt_system_timer_init    0x0800187b    0x18  Code  Gb  timer.o [1]
rt_system_timer_thread_init
                        0x0800189d     0x2  Code  Gb  timer.o [1]
rt_thread_defunct       0x20008000     0x8  Data  Gb  scheduler.o [1]
rt_thread_delay         0x080010e1     0x8  Code  Gb  thread.o [1]
rt_thread_exit          0x08000f53    0x50  Code  Gb  thread.o [1]
rt_thread_idle_entry    0x08002fcf    0x24  Code  Lc  idle.o [1]
rt_thread_idle_excute   0x08002f6b    0x64  Code  Gb  idle.o [1]
rt_thread_idle_init     0x08002ff3    0x5a  Code  Gb  idle.o [1]
rt_thread_idle_sethook  0x08002f29    0x30  Code  Gb  idle.o [1]
rt_thread_init          0x0800101f    0x36  Code  Gb  thread.o [1]
rt_thread_priority_table
                        0x20007bc0   0x100  Data  Gb  scheduler.o [1]
rt_thread_ready_priority_group
                        0x2000802c     0x4  Data  Gb  scheduler.o [1]
rt_thread_resume        0x08001131    0x3c  Code  Gb  thread.o [1]
rt_thread_self          0x08001055     0x6  Code  Gb  thread.o [1]
rt_thread_sleep         0x0800109f    0x42  Code  Gb  thread.o [1]
rt_thread_stack         0x20007a40   0x180  Data  Lc  idle.o [1]
rt_thread_startup       0x0800105b    0x2e  Code  Gb  thread.o [1]
rt_thread_suspend       0x080010e9    0x48  Code  Gb  thread.o [1]
rt_thread_switch_interrupt_flag
                        0x2000801c     0x4  Data  Gb  cpuport.o [1]
rt_thread_timeout       0x08001171    0x1e  Code  Gb  thread.o [1]
rt_thread_yield         0x08001095     0xa  Code  Gb  thread.o [1]
rt_tick                 0x20008010     0x4  Data  Lc  clock.o [1]
rt_tick_get             0x08002869     0x6  Code  Gb  clock.o [1]
rt_tick_increase        0x0800286f    0x2a  Code  Gb  clock.o [1]
rt_timer_check          0x08001811    0x6a  Code  Gb  timer.o [1]
rt_timer_control        0x080017df    0x32  Code  Gb  timer.o [1]
rt_timer_detach         0x080016a3    0x20  Code  Gb  timer.o [1]
rt_timer_init           0x0800167d    0x26  Code  Gb  timer.o [1]
rt_timer_list           0x20008008     0x8  Data  Lc  timer.o [1]
rt_timer_start          0x080016c3    0xee  Code  Gb  timer.o [1]
rt_timer_start::random_nr
                        0x20008038     0x4  Data  Lc  timer.o [1]
rt_timer_stop           0x080017b1    0x2e  Code  Gb  timer.o [1]
rt_vsnprintf            0x08002493   0x2f2  Code  Gb  kservice.o [1]
rt_vsprintf             0x08002785    0x10  Code  Gb  kservice.o [1]
rti_board_end           0x08003c2d     0x4  Code  Lc  components.o [1]
rti_board_start         0x08003c29     0x4  Code  Lc  components.o [1]
rti_end                 0x08003c31     0x4  Code  Lc  components.o [1]
rti_start               0x08003c25     0x4  Code  Lc  components.o [1]
rtthread_startup        0x08003cc1    0x2a  Code  Gb  components.o [1]
skip_atoi               0x08002313    0x22  Code  Lc  kservice.o [1]
uwTick                  0x20008034     0x4  Data  Gb  stm32f4xx_hal.o [1]
uwTickFreq              0x20000068     0x1  Data  Gb  stm32f4xx_hal.o [1]
uwTickPrio              0x20000060     0x4  Data  Gb  stm32f4xx_hal.o [1]
w25qxxx_read            0x0800058f    0x50  Code  Gb  drv_w25qxxx.o [1]
w25qxxx_write           0x080005df   0x1e2  Code  Gb  drv_w25qxxx.o [1]
w25qxxx_write::pmem     0x20007fd8    0x10  Data  Lc  drv_w25qxxx.o [1]


[1] = E:\project\rt-thread\bsp\boot_f407ve\Debug\Obj
[2] = command line
[3] = dl7M_tln.a
[4] = m7M_tl.a
[5] = rt7M_tl.a
[6] = shb_l.a

  17 306 bytes of readonly  code memory
     526 bytes of readonly  data memory
  41 022 bytes of readwrite data memory

Errors: none
Warnings: none
